[{"channel":"Channel1.us","feed":"SD","site":"example.com","site_id":"140","site_name":"Channel 1","lang":"en"},{"channel":"Channel2.us","feed":null,"site":"example.com","site_id":"142","site_name":"Channel 2","lang":"en"},{"channel":"Channel1.us","feed":"HD","site":"example.com","site_id":"140","site_name":"Channel 1","lang":"fr"},{"channel":"Channel3.us","feed":"HD","site":"example2.com","site_id":"150","site_name":"Channel 3","lang":"en"},{"channel":"Channel4.us","feed":null,"site":"example2.com","site_id":"152","site_name":"Channel 4","lang":"en"},{"channel":"Channel1.us","feed":null,"site":"example2.com","site_id":"140","site_name":"Channel 1","lang":"fr"}]